exports[`test Component renders the correct children 1`] = `
<div
  className="GameScreen">
  <header>
    <h1
      className="PrimaryTitle">
      Game of Drones
    </h1>
    <h2
      className="SecondaryTitle" />
  </header>
  <main>
    <div>
      Game on!
    </div>
  </main>
  <footer
    className="Footer">
    <p
      className="Footer__paragraph">
      Fair play. Have fun!
    </p>
    <a
      className="Footer__link"
      href="https://github.com/mauroporrasp/game-of-drones">
      Github repo
    </a>
  </footer>
</div>
`;
